[2025-06-19T23:27:59.181+0200][gc,heap] Heap region size: 1M
[2025-06-19T23:27:59.194+0200][gc     ] Using G1
[2025-06-19T23:27:59.194+0200][gc,heap,coops] Heap address: 0x00000000c0000000, size: 1024 MB, Compressed Oops mode: 32-bit
[2025-06-19T23:27:59.194+0200][gc,cds       ] Mark closed archive regions in map: [0x00000000fff00000, 0x00000000fff6bff8]
[2025-06-19T23:27:59.194+0200][gc,cds       ] Mark open archive regions in map: [0x00000000ffe00000, 0x00000000ffe47ff8]
[2025-06-19T23:28:00.920+0200][gc,start     ] GC(0) Pause Young (Normal) (G1 Evacuation Pause)
[2025-06-19T23:28:00.922+0200][gc,task      ] GC(0) Using 10 workers of 10 for evacuation
[2025-06-19T23:28:00.938+0200][gc,phases    ] GC(0)   Pre Evacuate Collection Set: 0.3ms
[2025-06-19T23:28:00.938+0200][gc,phases    ] GC(0)   Evacuate Collection Set: 14.6ms
[2025-06-19T23:28:00.938+0200][gc,phases    ] GC(0)   Post Evacuate Collection Set: 1.0ms
[2025-06-19T23:28:00.938+0200][gc,phases    ] GC(0)   Other: 2.3ms
[2025-06-19T23:28:00.938+0200][gc,heap      ] GC(0) Eden regions: 51->0(44)
[2025-06-19T23:28:00.938+0200][gc,heap      ] GC(0) Survivor regions: 0->7(7)
[2025-06-19T23:28:00.938+0200][gc,heap      ] GC(0) Old regions: 2->3
[2025-06-19T23:28:00.938+0200][gc,heap      ] GC(0) Humongous regions: 0->0
[2025-06-19T23:28:00.938+0200][gc,metaspace ] GC(0) Metaspace: 13106K(13696K)->13106K(13696K) NonClass: 11451K(11776K)->11451K(11776K) Class: 1654K(1920K)->1654K(1920K)
[2025-06-19T23:28:00.938+0200][gc           ] GC(0) Pause Young (Normal) (G1 Evacuation Pause) 51M->8M(1024M) 18.371ms
[2025-06-19T23:28:00.938+0200][gc,cpu       ] GC(0) User=0.08s Sys=0.06s Real=0.02s
[2025-06-19T23:28:01.996+0200][gc,start     ] GC(1) Pause Young (Concurrent Start) (Metadata GC Threshold)
[2025-06-19T23:28:01.996+0200][gc,task      ] GC(1) Using 10 workers of 10 for evacuation
[2025-06-19T23:28:02.005+0200][gc,phases    ] GC(1)   Pre Evacuate Collection Set: 0.1ms
[2025-06-19T23:28:02.005+0200][gc,phases    ] GC(1)   Evacuate Collection Set: 7.4ms
[2025-06-19T23:28:02.005+0200][gc,phases    ] GC(1)   Post Evacuate Collection Set: 0.8ms
[2025-06-19T23:28:02.005+0200][gc,phases    ] GC(1)   Other: 0.4ms
[2025-06-19T23:28:02.005+0200][gc,heap      ] GC(1) Eden regions: 35->0(49)
[2025-06-19T23:28:02.005+0200][gc,heap      ] GC(1) Survivor regions: 7->2(7)
[2025-06-19T23:28:02.005+0200][gc,heap      ] GC(1) Old regions: 3->10
[2025-06-19T23:28:02.005+0200][gc,heap      ] GC(1) Humongous regions: 0->0
[2025-06-19T23:28:02.005+0200][gc,metaspace ] GC(1) Metaspace: 20580K(21248K)->20580K(21248K) NonClass: 18053K(18432K)->18053K(18432K) Class: 2526K(2816K)->2526K(2816K)
[2025-06-19T23:28:02.005+0200][gc           ] GC(1) Pause Young (Concurrent Start) (Metadata GC Threshold) 43M->9M(1024M) 8.829ms
[2025-06-19T23:28:02.005+0200][gc,cpu       ] GC(1) User=0.03s Sys=0.02s Real=0.01s
[2025-06-19T23:28:02.005+0200][gc           ] GC(2) Concurrent Cycle
[2025-06-19T23:28:02.005+0200][gc,marking   ] GC(2) Concurrent Clear Claimed Marks
[2025-06-19T23:28:02.005+0200][gc,marking   ] GC(2) Concurrent Clear Claimed Marks 0.110ms
[2025-06-19T23:28:02.005+0200][gc,marking   ] GC(2) Concurrent Scan Root Regions
[2025-06-19T23:28:02.006+0200][gc,marking   ] GC(2) Concurrent Scan Root Regions 1.277ms
[2025-06-19T23:28:02.006+0200][gc,marking   ] GC(2) Concurrent Mark (2.830s)
[2025-06-19T23:28:02.006+0200][gc,marking   ] GC(2) Concurrent Mark From Roots
[2025-06-19T23:28:02.007+0200][gc,task      ] GC(2) Using 3 workers of 3 for marking
[2025-06-19T23:28:02.011+0200][gc,marking   ] GC(2) Concurrent Mark From Roots 4.470ms
[2025-06-19T23:28:02.011+0200][gc,marking   ] GC(2) Concurrent Preclean
[2025-06-19T23:28:02.011+0200][gc,marking   ] GC(2) Concurrent Preclean 0.175ms
[2025-06-19T23:28:02.011+0200][gc,marking   ] GC(2) Concurrent Mark (2.830s, 2.835s) 4.793ms
[2025-06-19T23:28:02.012+0200][gc,start     ] GC(2) Pause Remark
[2025-06-19T23:28:02.014+0200][gc,stringtable] GC(2) Cleaned string and symbol table, strings: 5834 processed, 0 removed, symbols: 54540 processed, 47 removed
[2025-06-19T23:28:02.014+0200][gc            ] GC(2) Pause Remark 10M->10M(1024M) 2.854ms
[2025-06-19T23:28:02.015+0200][gc,cpu        ] GC(2) User=0.01s Sys=0.00s Real=0.00s
[2025-06-19T23:28:02.015+0200][gc,marking    ] GC(2) Concurrent Rebuild Remembered Sets
[2025-06-19T23:28:02.018+0200][gc,marking    ] GC(2) Concurrent Rebuild Remembered Sets 2.969ms
[2025-06-19T23:28:02.018+0200][gc,start      ] GC(2) Pause Cleanup
[2025-06-19T23:28:02.019+0200][gc            ] GC(2) Pause Cleanup 10M->10M(1024M) 0.452ms
[2025-06-19T23:28:02.019+0200][gc,cpu        ] GC(2) User=0.00s Sys=0.00s Real=0.00s
[2025-06-19T23:28:02.019+0200][gc,marking    ] GC(2) Concurrent Cleanup for Next Mark
[2025-06-19T23:28:02.026+0200][gc,marking    ] GC(2) Concurrent Cleanup for Next Mark 7.457ms
[2025-06-19T23:28:02.027+0200][gc            ] GC(2) Concurrent Cycle 21.767ms
[2025-06-19T23:28:02.953+0200][gc,start      ] GC(3) Pause Young (Normal) (G1 Evacuation Pause)
[2025-06-19T23:28:02.953+0200][gc,task       ] GC(3) Using 10 workers of 10 for evacuation
[2025-06-19T23:28:02.958+0200][gc,phases     ] GC(3)   Pre Evacuate Collection Set: 0.1ms
[2025-06-19T23:28:02.958+0200][gc,phases     ] GC(3)   Evacuate Collection Set: 3.6ms
[2025-06-19T23:28:02.958+0200][gc,phases     ] GC(3)   Post Evacuate Collection Set: 0.8ms
[2025-06-19T23:28:02.958+0200][gc,phases     ] GC(3)   Other: 0.4ms
[2025-06-19T23:28:02.958+0200][gc,heap       ] GC(3) Eden regions: 49->0(47)
[2025-06-19T23:28:02.958+0200][gc,heap       ] GC(3) Survivor regions: 2->4(7)
[2025-06-19T23:28:02.958+0200][gc,heap       ] GC(3) Old regions: 10->10
[2025-06-19T23:28:02.958+0200][gc,heap       ] GC(3) Humongous regions: 129->129
[2025-06-19T23:28:02.958+0200][gc,metaspace  ] GC(3) Metaspace: 29235K(30336K)->29235K(30336K) NonClass: 25907K(26624K)->25907K(26624K) Class: 3328K(3712K)->3328K(3712K)
[2025-06-19T23:28:02.958+0200][gc            ] GC(3) Pause Young (Normal) (G1 Evacuation Pause) 187M->140M(1024M) 5.059ms
[2025-06-19T23:28:02.958+0200][gc,cpu        ] GC(3) User=0.03s Sys=0.00s Real=0.01s
[2025-06-19T23:28:06.579+0200][gc,start      ] GC(4) Pause Young (Concurrent Start) (Metadata GC Threshold)
[2025-06-19T23:28:06.579+0200][gc,task       ] GC(4) Using 10 workers of 10 for evacuation
[2025-06-19T23:28:06.588+0200][gc,phases     ] GC(4)   Pre Evacuate Collection Set: 0.2ms
[2025-06-19T23:28:06.588+0200][gc,phases     ] GC(4)   Evacuate Collection Set: 6.6ms
[2025-06-19T23:28:06.588+0200][gc,phases     ] GC(4)   Post Evacuate Collection Set: 1.5ms
[2025-06-19T23:28:06.588+0200][gc,phases     ] GC(4)   Other: 0.6ms
[2025-06-19T23:28:06.588+0200][gc,heap       ] GC(4) Eden regions: 35->0(44)
[2025-06-19T23:28:06.588+0200][gc,heap       ] GC(4) Survivor regions: 4->7(7)
[2025-06-19T23:28:06.588+0200][gc,heap       ] GC(4) Old regions: 10->10
[2025-06-19T23:28:06.588+0200][gc,heap       ] GC(4) Humongous regions: 129->129
[2025-06-19T23:28:06.588+0200][gc,metaspace  ] GC(4) Metaspace: 34543K(35840K)->34543K(35840K) NonClass: 30620K(31360K)->30620K(31360K) Class: 3922K(4480K)->3922K(4480K)
[2025-06-19T23:28:06.588+0200][gc            ] GC(4) Pause Young (Concurrent Start) (Metadata GC Threshold) 175M->144M(1024M) 9.134ms
[2025-06-19T23:28:06.588+0200][gc,cpu        ] GC(4) User=0.06s Sys=0.00s Real=0.01s
[2025-06-19T23:28:06.588+0200][gc            ] GC(5) Concurrent Cycle
[2025-06-19T23:28:06.588+0200][gc,marking    ] GC(5) Concurrent Clear Claimed Marks
[2025-06-19T23:28:06.588+0200][gc,marking    ] GC(5) Concurrent Clear Claimed Marks 0.179ms
[2025-06-19T23:28:06.589+0200][gc,marking    ] GC(5) Concurrent Scan Root Regions
[2025-06-19T23:28:06.591+0200][gc,marking    ] GC(5) Concurrent Scan Root Regions 2.889ms
[2025-06-19T23:28:06.592+0200][gc,marking    ] GC(5) Concurrent Mark (4.482s)
[2025-06-19T23:28:06.592+0200][gc,marking    ] GC(5) Concurrent Mark From Roots
[2025-06-19T23:28:06.592+0200][gc,task       ] GC(5) Using 3 workers of 3 for marking
[2025-06-19T23:28:06.600+0200][gc,marking    ] GC(5) Concurrent Mark From Roots 8.490ms
[2025-06-19T23:28:06.600+0200][gc,marking    ] GC(5) Concurrent Preclean
[2025-06-19T23:28:06.600+0200][gc,marking    ] GC(5) Concurrent Preclean 0.219ms
[2025-06-19T23:28:06.600+0200][gc,marking    ] GC(5) Concurrent Mark (4.482s, 4.491s) 8.893ms
[2025-06-19T23:28:06.601+0200][gc,start      ] GC(5) Pause Remark
[2025-06-19T23:28:06.607+0200][gc,stringtable] GC(5) Cleaned string and symbol table, strings: 11768 processed, 11 removed, symbols: 87208 processed, 15 removed
[2025-06-19T23:28:06.608+0200][gc            ] GC(5) Pause Remark 145M->145M(1024M) 6.771ms
[2025-06-19T23:28:06.608+0200][gc,cpu        ] GC(5) User=0.04s Sys=0.00s Real=0.00s
[2025-06-19T23:28:06.608+0200][gc,marking    ] GC(5) Concurrent Rebuild Remembered Sets
[2025-06-19T23:28:06.611+0200][gc,marking    ] GC(5) Concurrent Rebuild Remembered Sets 3.089ms
[2025-06-19T23:28:06.612+0200][gc,start      ] GC(5) Pause Cleanup
[2025-06-19T23:28:06.613+0200][gc            ] GC(5) Pause Cleanup 145M->145M(1024M) 0.544ms
[2025-06-19T23:28:06.613+0200][gc,cpu        ] GC(5) User=0.00s Sys=0.00s Real=0.00s
[2025-06-19T23:28:06.613+0200][gc,marking    ] GC(5) Concurrent Cleanup for Next Mark
[2025-06-19T23:28:06.632+0200][gc,marking    ] GC(5) Concurrent Cleanup for Next Mark 19.110ms
[2025-06-19T23:28:06.632+0200][gc            ] GC(5) Concurrent Cycle 43.989ms
[2025-06-19T23:32:36.747+0200][gc,start      ] GC(6) Pause Young (Normal) (G1 Evacuation Pause)
[2025-06-19T23:32:36.757+0200][gc,task       ] GC(6) Using 10 workers of 10 for evacuation
[2025-06-19T23:32:36.774+0200][gc,phases     ] GC(6)   Pre Evacuate Collection Set: 0.7ms
[2025-06-19T23:32:36.774+0200][gc,phases     ] GC(6)   Evacuate Collection Set: 14.4ms
[2025-06-19T23:32:36.774+0200][gc,phases     ] GC(6)   Post Evacuate Collection Set: 2.0ms
[2025-06-19T23:32:36.774+0200][gc,phases     ] GC(6)   Other: 9.8ms
[2025-06-19T23:32:36.774+0200][gc,heap       ] GC(6) Eden regions: 44->0(45)
[2025-06-19T23:32:36.774+0200][gc,heap       ] GC(6) Survivor regions: 7->6(7)
[2025-06-19T23:32:36.774+0200][gc,heap       ] GC(6) Old regions: 10->13
[2025-06-19T23:32:36.774+0200][gc,heap       ] GC(6) Humongous regions: 129->129
[2025-06-19T23:32:36.774+0200][gc,metaspace  ] GC(6) Metaspace: 41860K(44416K)->41860K(44416K) NonClass: 36531K(37888K)->36531K(37888K) Class: 5329K(6528K)->5329K(6528K)
[2025-06-19T23:32:36.774+0200][gc            ] GC(6) Pause Young (Normal) (G1 Evacuation Pause) 188M->145M(1024M) 27.090ms
[2025-06-19T23:32:36.774+0200][gc,cpu        ] GC(6) User=0.10s Sys=0.01s Real=0.02s
