[2025-06-19T23:13:50.630+0200][gc,heap] Heap region size: 1M
[2025-06-19T23:13:50.643+0200][gc     ] Using G1
[2025-06-19T23:13:50.643+0200][gc,heap,coops] Heap address: 0x00000000c0000000, size: 1024 MB, Compressed Oops mode: 32-bit
[2025-06-19T23:13:50.643+0200][gc,cds       ] Mark closed archive regions in map: [0x00000000fff00000, 0x00000000fff6bff8]
[2025-06-19T23:13:50.643+0200][gc,cds       ] Mark open archive regions in map: [0x00000000ffe00000, 0x00000000ffe47ff8]
[2025-06-19T23:13:52.514+0200][gc,start     ] GC(0) Pause Young (Normal) (G1 Evacuation Pause)
[2025-06-19T23:13:52.516+0200][gc,task      ] GC(0) Using 10 workers of 10 for evacuation
[2025-06-19T23:13:52.537+0200][gc,mmu       ] GC(0) MMU target violated: 20.9ms (20.0ms/21.0ms)
[2025-06-19T23:13:52.538+0200][gc,phases    ] GC(0)   Pre Evacuate Collection Set: 0.1ms
[2025-06-19T23:13:52.538+0200][gc,phases    ] GC(0)   Evacuate Collection Set: 19.3ms
[2025-06-19T23:13:52.538+0200][gc,phases    ] GC(0)   Post Evacuate Collection Set: 1.2ms
[2025-06-19T23:13:52.538+0200][gc,phases    ] GC(0)   Other: 3.0ms
[2025-06-19T23:13:52.538+0200][gc,heap      ] GC(0) Eden regions: 51->0(44)
[2025-06-19T23:13:52.538+0200][gc,heap      ] GC(0) Survivor regions: 0->7(7)
[2025-06-19T23:13:52.538+0200][gc,heap      ] GC(0) Old regions: 2->3
[2025-06-19T23:13:52.538+0200][gc,heap      ] GC(0) Humongous regions: 0->0
[2025-06-19T23:13:52.538+0200][gc,metaspace ] GC(0) Metaspace: 13099K(13952K)->13099K(13952K) NonClass: 11444K(12032K)->11444K(12032K) Class: 1654K(1920K)->1654K(1920K)
[2025-06-19T23:13:52.538+0200][gc           ] GC(0) Pause Young (Normal) (G1 Evacuation Pause) 51M->8M(1024M) 23.580ms
[2025-06-19T23:13:52.538+0200][gc,cpu       ] GC(0) User=0.11s Sys=0.05s Real=0.03s
[2025-06-19T23:13:53.837+0200][gc,start     ] GC(1) Pause Young (Concurrent Start) (Metadata GC Threshold)
[2025-06-19T23:13:53.837+0200][gc,task      ] GC(1) Using 10 workers of 10 for evacuation
[2025-06-19T23:13:53.851+0200][gc,phases    ] GC(1)   Pre Evacuate Collection Set: 0.1ms
[2025-06-19T23:13:53.851+0200][gc,phases    ] GC(1)   Evacuate Collection Set: 12.8ms
[2025-06-19T23:13:53.851+0200][gc,phases    ] GC(1)   Post Evacuate Collection Set: 1.1ms
[2025-06-19T23:13:53.851+0200][gc,phases    ] GC(1)   Other: 0.5ms
[2025-06-19T23:13:53.851+0200][gc,heap      ] GC(1) Eden regions: 36->0(49)
[2025-06-19T23:13:53.851+0200][gc,heap      ] GC(1) Survivor regions: 7->2(7)
[2025-06-19T23:13:53.851+0200][gc,heap      ] GC(1) Old regions: 3->10
[2025-06-19T23:13:53.851+0200][gc,heap      ] GC(1) Humongous regions: 0->0
[2025-06-19T23:13:53.851+0200][gc,metaspace ] GC(1) Metaspace: 20580K(21248K)->20580K(21248K) NonClass: 18053K(18432K)->18053K(18432K) Class: 2526K(2816K)->2526K(2816K)
[2025-06-19T23:13:53.851+0200][gc           ] GC(1) Pause Young (Concurrent Start) (Metadata GC Threshold) 43M->9M(1024M) 14.675ms
[2025-06-19T23:13:53.851+0200][gc,cpu       ] GC(1) User=0.08s Sys=0.00s Real=0.01s
[2025-06-19T23:13:53.853+0200][gc           ] GC(2) Concurrent Cycle
[2025-06-19T23:13:53.853+0200][gc,marking   ] GC(2) Concurrent Clear Claimed Marks
[2025-06-19T23:13:53.853+0200][gc,marking   ] GC(2) Concurrent Clear Claimed Marks 0.284ms
[2025-06-19T23:13:53.853+0200][gc,marking   ] GC(2) Concurrent Scan Root Regions
[2025-06-19T23:13:53.855+0200][gc,marking   ] GC(2) Concurrent Scan Root Regions 1.755ms
[2025-06-19T23:13:53.855+0200][gc,marking   ] GC(2) Concurrent Mark (3.229s)
[2025-06-19T23:13:53.855+0200][gc,marking   ] GC(2) Concurrent Mark From Roots
[2025-06-19T23:13:53.855+0200][gc,task      ] GC(2) Using 3 workers of 3 for marking
[2025-06-19T23:13:53.862+0200][gc,marking   ] GC(2) Concurrent Mark From Roots 6.988ms
[2025-06-19T23:13:53.862+0200][gc,marking   ] GC(2) Concurrent Preclean
[2025-06-19T23:13:53.862+0200][gc,marking   ] GC(2) Concurrent Preclean 0.180ms
[2025-06-19T23:13:53.862+0200][gc,marking   ] GC(2) Concurrent Mark (3.229s, 3.237s) 7.328ms
[2025-06-19T23:13:53.863+0200][gc,start     ] GC(2) Pause Remark
[2025-06-19T23:13:53.880+0200][gc,stringtable] GC(2) Cleaned string and symbol table, strings: 5854 processed, 0 removed, symbols: 54547 processed, 48 removed
[2025-06-19T23:13:53.881+0200][gc            ] GC(2) Pause Remark 10M->10M(1024M) 18.132ms
[2025-06-19T23:13:53.881+0200][gc,cpu        ] GC(2) User=0.10s Sys=0.00s Real=0.02s
[2025-06-19T23:13:53.881+0200][gc,marking    ] GC(2) Concurrent Rebuild Remembered Sets
[2025-06-19T23:13:53.884+0200][gc,marking    ] GC(2) Concurrent Rebuild Remembered Sets 2.999ms
[2025-06-19T23:13:53.885+0200][gc,start      ] GC(2) Pause Cleanup
[2025-06-19T23:13:53.886+0200][gc            ] GC(2) Pause Cleanup 10M->10M(1024M) 0.820ms
[2025-06-19T23:13:53.886+0200][gc,cpu        ] GC(2) User=0.00s Sys=0.00s Real=0.00s
[2025-06-19T23:13:53.886+0200][gc,marking    ] GC(2) Concurrent Cleanup for Next Mark
[2025-06-19T23:13:53.892+0200][gc,marking    ] GC(2) Concurrent Cleanup for Next Mark 5.837ms
[2025-06-19T23:13:53.892+0200][gc            ] GC(2) Concurrent Cycle 39.510ms
[2025-06-19T23:13:55.146+0200][gc,start      ] GC(3) Pause Young (Normal) (G1 Evacuation Pause)
[2025-06-19T23:13:55.147+0200][gc,task       ] GC(3) Using 10 workers of 10 for evacuation
[2025-06-19T23:13:55.152+0200][gc,phases     ] GC(3)   Pre Evacuate Collection Set: 0.1ms
[2025-06-19T23:13:55.152+0200][gc,phases     ] GC(3)   Evacuate Collection Set: 4.5ms
[2025-06-19T23:13:55.152+0200][gc,phases     ] GC(3)   Post Evacuate Collection Set: 0.9ms
[2025-06-19T23:13:55.152+0200][gc,phases     ] GC(3)   Other: 0.4ms
[2025-06-19T23:13:55.152+0200][gc,heap       ] GC(3) Eden regions: 49->0(47)
[2025-06-19T23:13:55.152+0200][gc,heap       ] GC(3) Survivor regions: 2->4(7)
[2025-06-19T23:13:55.152+0200][gc,heap       ] GC(3) Old regions: 10->10
[2025-06-19T23:13:55.152+0200][gc,heap       ] GC(3) Humongous regions: 129->129
[2025-06-19T23:13:55.152+0200][gc,metaspace  ] GC(3) Metaspace: 29253K(30336K)->29253K(30336K) NonClass: 25925K(26624K)->25925K(26624K) Class: 3328K(3712K)->3328K(3712K)
[2025-06-19T23:13:55.152+0200][gc            ] GC(3) Pause Young (Normal) (G1 Evacuation Pause) 187M->140M(1024M) 5.991ms
[2025-06-19T23:13:55.152+0200][gc,cpu        ] GC(3) User=0.05s Sys=0.01s Real=0.01s
[2025-06-19T23:13:56.135+0200][gc,start      ] GC(4) Pause Young (Concurrent Start) (Metadata GC Threshold)
[2025-06-19T23:13:56.136+0200][gc,task       ] GC(4) Using 10 workers of 10 for evacuation
[2025-06-19T23:13:56.154+0200][gc,phases     ] GC(4)   Pre Evacuate Collection Set: 0.4ms
[2025-06-19T23:13:56.154+0200][gc,phases     ] GC(4)   Evacuate Collection Set: 15.0ms
[2025-06-19T23:13:56.154+0200][gc,phases     ] GC(4)   Post Evacuate Collection Set: 1.9ms
[2025-06-19T23:13:56.154+0200][gc,phases     ] GC(4)   Other: 1.3ms
[2025-06-19T23:13:56.154+0200][gc,heap       ] GC(4) Eden regions: 36->0(44)
[2025-06-19T23:13:56.154+0200][gc,heap       ] GC(4) Survivor regions: 4->7(7)
[2025-06-19T23:13:56.154+0200][gc,heap       ] GC(4) Old regions: 10->10
[2025-06-19T23:13:56.154+0200][gc,heap       ] GC(4) Humongous regions: 129->129
[2025-06-19T23:13:56.154+0200][gc,metaspace  ] GC(4) Metaspace: 34567K(35840K)->34567K(35840K) NonClass: 30648K(31360K)->30648K(31360K) Class: 3918K(4480K)->3918K(4480K)
[2025-06-19T23:13:56.154+0200][gc            ] GC(4) Pause Young (Concurrent Start) (Metadata GC Threshold) 176M->144M(1024M) 18.851ms
[2025-06-19T23:13:56.154+0200][gc,cpu        ] GC(4) User=0.09s Sys=0.02s Real=0.02s
[2025-06-19T23:13:56.155+0200][gc            ] GC(5) Concurrent Cycle
[2025-06-19T23:13:56.155+0200][gc,marking    ] GC(5) Concurrent Clear Claimed Marks
[2025-06-19T23:13:56.155+0200][gc,marking    ] GC(5) Concurrent Clear Claimed Marks 0.344ms
[2025-06-19T23:13:56.155+0200][gc,marking    ] GC(5) Concurrent Scan Root Regions
[2025-06-19T23:13:56.158+0200][gc,marking    ] GC(5) Concurrent Scan Root Regions 3.337ms
[2025-06-19T23:13:56.158+0200][gc,marking    ] GC(5) Concurrent Mark (5.533s)
[2025-06-19T23:13:56.158+0200][gc,marking    ] GC(5) Concurrent Mark From Roots
[2025-06-19T23:13:56.158+0200][gc,task       ] GC(5) Using 3 workers of 3 for marking
[2025-06-19T23:13:56.170+0200][gc,marking    ] GC(5) Concurrent Mark From Roots 11.037ms
[2025-06-19T23:13:56.170+0200][gc,marking    ] GC(5) Concurrent Preclean
[2025-06-19T23:13:56.172+0200][gc,marking    ] GC(5) Concurrent Preclean 2.252ms
[2025-06-19T23:13:56.172+0200][gc,marking    ] GC(5) Concurrent Mark (5.533s, 5.547s) 13.591ms
[2025-06-19T23:13:56.173+0200][gc,start      ] GC(5) Pause Remark
[2025-06-19T23:13:56.192+0200][gc,stringtable] GC(5) Cleaned string and symbol table, strings: 11772 processed, 11 removed, symbols: 87206 processed, 15 removed
[2025-06-19T23:13:56.193+0200][gc,mmu        ] GC(5) MMU target violated: 20.4ms (20.0ms/21.0ms)
[2025-06-19T23:13:56.194+0200][gc            ] GC(5) Pause Remark 145M->145M(1024M) 20.850ms
[2025-06-19T23:13:56.194+0200][gc,cpu        ] GC(5) User=0.09s Sys=0.01s Real=0.02s
[2025-06-19T23:13:56.194+0200][gc,marking    ] GC(5) Concurrent Rebuild Remembered Sets
[2025-06-19T23:13:56.198+0200][gc,marking    ] GC(5) Concurrent Rebuild Remembered Sets 4.285ms
[2025-06-19T23:13:56.199+0200][gc,start      ] GC(5) Pause Cleanup
[2025-06-19T23:13:56.199+0200][gc            ] GC(5) Pause Cleanup 145M->145M(1024M) 0.503ms
[2025-06-19T23:13:56.200+0200][gc,cpu        ] GC(5) User=0.00s Sys=0.00s Real=0.00s
[2025-06-19T23:13:56.200+0200][gc,marking    ] GC(5) Concurrent Cleanup for Next Mark
[2025-06-19T23:13:56.219+0200][gc,marking    ] GC(5) Concurrent Cleanup for Next Mark 19.260ms
[2025-06-19T23:13:56.219+0200][gc            ] GC(5) Concurrent Cycle 64.649ms
