[2025-06-20T02:29:09.201+0200][gc,heap] Heap region size: 1M
[2025-06-20T02:29:09.213+0200][gc     ] Using G1
[2025-06-20T02:29:09.213+0200][gc,heap,coops] Heap address: 0x00000000c0000000, size: 1024 MB, Compressed Oops mode: 32-bit
[2025-06-20T02:29:09.213+0200][gc,cds       ] Mark closed archive regions in map: [0x00000000fff00000, 0x00000000fff6bff8]
[2025-06-20T02:29:09.213+0200][gc,cds       ] Mark open archive regions in map: [0x00000000ffe00000, 0x00000000ffe47ff8]
[2025-06-20T02:29:11.321+0200][gc,start     ] GC(0) Pause Young (Normal) (G1 Evacuation Pause)
[2025-06-20T02:29:11.324+0200][gc,task      ] GC(0) Using 10 workers of 10 for evacuation
[2025-06-20T02:29:11.345+0200][gc,mmu       ] GC(0) MMU target violated: 21.0ms (20.0ms/21.0ms)
[2025-06-20T02:29:11.346+0200][gc,phases    ] GC(0)   Pre Evacuate Collection Set: 0.1ms
[2025-06-20T02:29:11.346+0200][gc,phases    ] GC(0)   Evacuate Collection Set: 18.8ms
[2025-06-20T02:29:11.346+0200][gc,phases    ] GC(0)   Post Evacuate Collection Set: 2.2ms
[2025-06-20T02:29:11.346+0200][gc,phases    ] GC(0)   Other: 3.6ms
[2025-06-20T02:29:11.346+0200][gc,heap      ] GC(0) Eden regions: 51->0(44)
[2025-06-20T02:29:11.346+0200][gc,heap      ] GC(0) Survivor regions: 0->7(7)
[2025-06-20T02:29:11.346+0200][gc,heap      ] GC(0) Old regions: 2->3
[2025-06-20T02:29:11.346+0200][gc,heap      ] GC(0) Humongous regions: 0->0
[2025-06-20T02:29:11.346+0200][gc,metaspace ] GC(0) Metaspace: 13116K(13952K)->13116K(13952K) NonClass: 11460K(12032K)->11460K(12032K) Class: 1655K(1920K)->1655K(1920K)
[2025-06-20T02:29:11.346+0200][gc           ] GC(0) Pause Young (Normal) (G1 Evacuation Pause) 51M->8M(1024M) 25.596ms
[2025-06-20T02:29:11.346+0200][gc,cpu       ] GC(0) User=0.09s Sys=0.06s Real=0.02s
[2025-06-20T02:29:30.626+0200][gc,heap,exit ] Heap
[2025-06-20T02:29:30.627+0200][gc,heap,exit ]  garbage-first heap   total 1048576K, used 19662K [0x00000000c0000000, 0x0000000100000000)
[2025-06-20T02:29:30.627+0200][gc,heap,exit ]   region size 1024K, 19 young (19456K), 7 survivors (7168K)
[2025-06-20T02:29:30.627+0200][gc,heap,exit ]  Metaspace       used 15125K, capacity 15672K, committed 16000K, reserved 1062912K
[2025-06-20T02:29:30.627+0200][gc,heap,exit ]   class space    used 1903K, capacity 2114K, committed 2176K, reserved 1048576K
