[2025-06-20T02:30:35.225+0200][gc,heap] Heap region size: 1M
[2025-06-20T02:30:35.237+0200][gc     ] Using G1
[2025-06-20T02:30:35.238+0200][gc,heap,coops] Heap address: 0x00000000c0000000, size: 1024 MB, Compressed Oops mode: 32-bit
[2025-06-20T02:30:35.238+0200][gc,cds       ] Mark closed archive regions in map: [0x00000000fff00000, 0x00000000fff6bff8]
[2025-06-20T02:30:35.238+0200][gc,cds       ] Mark open archive regions in map: [0x00000000ffe00000, 0x00000000ffe47ff8]
[2025-06-20T02:30:36.739+0200][gc,start     ] GC(0) Pause Young (Normal) (G1 Evacuation Pause)
[2025-06-20T02:30:36.741+0200][gc,task      ] GC(0) Using 10 workers of 10 for evacuation
[2025-06-20T02:30:36.757+0200][gc,phases    ] GC(0)   Pre Evacuate Collection Set: 0.0ms
[2025-06-20T02:30:36.757+0200][gc,phases    ] GC(0)   Evacuate Collection Set: 14.8ms
[2025-06-20T02:30:36.757+0200][gc,phases    ] GC(0)   Post Evacuate Collection Set: 0.8ms
[2025-06-20T02:30:36.757+0200][gc,phases    ] GC(0)   Other: 2.2ms
[2025-06-20T02:30:36.757+0200][gc,heap      ] GC(0) Eden regions: 51->0(44)
[2025-06-20T02:30:36.757+0200][gc,heap      ] GC(0) Survivor regions: 0->7(7)
[2025-06-20T02:30:36.757+0200][gc,heap      ] GC(0) Old regions: 2->3
[2025-06-20T02:30:36.757+0200][gc,heap      ] GC(0) Humongous regions: 0->0
[2025-06-20T02:30:36.757+0200][gc,metaspace ] GC(0) Metaspace: 13113K(13952K)->13113K(13952K) NonClass: 11458K(12032K)->11458K(12032K) Class: 1654K(1920K)->1654K(1920K)
[2025-06-20T02:30:36.757+0200][gc           ] GC(0) Pause Young (Normal) (G1 Evacuation Pause) 51M->8M(1024M) 18.029ms
[2025-06-20T02:30:36.757+0200][gc,cpu       ] GC(0) User=0.05s Sys=0.10s Real=0.01s
[2025-06-20T02:30:37.713+0200][gc,start     ] GC(1) Pause Young (Concurrent Start) (Metadata GC Threshold)
[2025-06-20T02:30:37.713+0200][gc,task      ] GC(1) Using 10 workers of 10 for evacuation
[2025-06-20T02:30:37.728+0200][gc,phases    ] GC(1)   Pre Evacuate Collection Set: 0.1ms
[2025-06-20T02:30:37.728+0200][gc,phases    ] GC(1)   Evacuate Collection Set: 13.5ms
[2025-06-20T02:30:37.728+0200][gc,phases    ] GC(1)   Post Evacuate Collection Set: 0.9ms
[2025-06-20T02:30:37.728+0200][gc,phases    ] GC(1)   Other: 0.4ms
[2025-06-20T02:30:37.728+0200][gc,heap      ] GC(1) Eden regions: 36->0(49)
[2025-06-20T02:30:37.728+0200][gc,heap      ] GC(1) Survivor regions: 7->2(7)
[2025-06-20T02:30:37.728+0200][gc,heap      ] GC(1) Old regions: 3->10
[2025-06-20T02:30:37.728+0200][gc,heap      ] GC(1) Humongous regions: 0->0
[2025-06-20T02:30:37.728+0200][gc,metaspace ] GC(1) Metaspace: 20687K(21248K)->20687K(21248K) NonClass: 18143K(18432K)->18143K(18432K) Class: 2543K(2816K)->2543K(2816K)
[2025-06-20T02:30:37.728+0200][gc           ] GC(1) Pause Young (Concurrent Start) (Metadata GC Threshold) 43M->9M(1024M) 15.109ms
[2025-06-20T02:30:37.728+0200][gc,cpu       ] GC(1) User=0.06s Sys=0.01s Real=0.01s
[2025-06-20T02:30:37.728+0200][gc           ] GC(2) Concurrent Cycle
[2025-06-20T02:30:37.728+0200][gc,marking   ] GC(2) Concurrent Clear Claimed Marks
[2025-06-20T02:30:37.728+0200][gc,marking   ] GC(2) Concurrent Clear Claimed Marks 0.101ms
[2025-06-20T02:30:37.728+0200][gc,marking   ] GC(2) Concurrent Scan Root Regions
[2025-06-20T02:30:37.730+0200][gc,marking   ] GC(2) Concurrent Scan Root Regions 1.510ms
[2025-06-20T02:30:37.730+0200][gc,marking   ] GC(2) Concurrent Mark (2.511s)
[2025-06-20T02:30:37.730+0200][gc,marking   ] GC(2) Concurrent Mark From Roots
[2025-06-20T02:30:37.730+0200][gc,task      ] GC(2) Using 3 workers of 3 for marking
[2025-06-20T02:30:37.738+0200][gc,marking   ] GC(2) Concurrent Mark From Roots 7.974ms
[2025-06-20T02:30:37.738+0200][gc,marking   ] GC(2) Concurrent Preclean
[2025-06-20T02:30:37.738+0200][gc,marking   ] GC(2) Concurrent Preclean 0.173ms
[2025-06-20T02:30:37.738+0200][gc,marking   ] GC(2) Concurrent Mark (2.511s, 2.519s) 8.325ms
[2025-06-20T02:30:37.739+0200][gc,start     ] GC(2) Pause Remark
[2025-06-20T02:30:37.745+0200][gc,stringtable] GC(2) Cleaned string and symbol table, strings: 5867 processed, 0 removed, symbols: 54756 processed, 49 removed
[2025-06-20T02:30:37.746+0200][gc            ] GC(2) Pause Remark 10M->10M(1024M) 6.913ms
[2025-06-20T02:30:37.746+0200][gc,cpu        ] GC(2) User=0.03s Sys=0.00s Real=0.00s
[2025-06-20T02:30:37.746+0200][gc,marking    ] GC(2) Concurrent Rebuild Remembered Sets
[2025-06-20T02:30:37.749+0200][gc,marking    ] GC(2) Concurrent Rebuild Remembered Sets 2.812ms
[2025-06-20T02:30:37.749+0200][gc,start      ] GC(2) Pause Cleanup
[2025-06-20T02:30:37.750+0200][gc            ] GC(2) Pause Cleanup 10M->10M(1024M) 0.567ms
[2025-06-20T02:30:37.750+0200][gc,cpu        ] GC(2) User=0.00s Sys=0.00s Real=0.00s
[2025-06-20T02:30:37.750+0200][gc,marking    ] GC(2) Concurrent Cleanup for Next Mark
[2025-06-20T02:30:37.756+0200][gc,marking    ] GC(2) Concurrent Cleanup for Next Mark 5.844ms
[2025-06-20T02:30:37.756+0200][gc            ] GC(2) Concurrent Cycle 28.057ms
[2025-06-20T02:30:38.877+0200][gc,start      ] GC(3) Pause Young (Normal) (G1 Evacuation Pause)
[2025-06-20T02:30:38.877+0200][gc,task       ] GC(3) Using 10 workers of 10 for evacuation
[2025-06-20T02:30:38.882+0200][gc,phases     ] GC(3)   Pre Evacuate Collection Set: 0.1ms
[2025-06-20T02:30:38.882+0200][gc,phases     ] GC(3)   Evacuate Collection Set: 3.4ms
[2025-06-20T02:30:38.882+0200][gc,phases     ] GC(3)   Post Evacuate Collection Set: 0.8ms
[2025-06-20T02:30:38.882+0200][gc,phases     ] GC(3)   Other: 0.3ms
[2025-06-20T02:30:38.882+0200][gc,heap       ] GC(3) Eden regions: 49->0(47)
[2025-06-20T02:30:38.882+0200][gc,heap       ] GC(3) Survivor regions: 2->4(7)
[2025-06-20T02:30:38.882+0200][gc,heap       ] GC(3) Old regions: 10->10
[2025-06-20T02:30:38.882+0200][gc,heap       ] GC(3) Humongous regions: 129->129
[2025-06-20T02:30:38.882+0200][gc,metaspace  ] GC(3) Metaspace: 29282K(30336K)->29282K(30336K) NonClass: 25939K(26624K)->25939K(26624K) Class: 3342K(3712K)->3342K(3712K)
[2025-06-20T02:30:38.882+0200][gc            ] GC(3) Pause Young (Normal) (G1 Evacuation Pause) 187M->140M(1024M) 4.703ms
[2025-06-20T02:30:38.882+0200][gc,cpu        ] GC(3) User=0.03s Sys=0.00s Real=0.01s
[2025-06-20T02:30:39.582+0200][gc,start      ] GC(4) Pause Young (Concurrent Start) (Metadata GC Threshold)
[2025-06-20T02:30:39.582+0200][gc,task       ] GC(4) Using 10 workers of 10 for evacuation
[2025-06-20T02:30:39.593+0200][gc,phases     ] GC(4)   Pre Evacuate Collection Set: 0.2ms
[2025-06-20T02:30:39.593+0200][gc,phases     ] GC(4)   Evacuate Collection Set: 9.0ms
[2025-06-20T02:30:39.593+0200][gc,phases     ] GC(4)   Post Evacuate Collection Set: 1.3ms
[2025-06-20T02:30:39.593+0200][gc,phases     ] GC(4)   Other: 0.4ms
[2025-06-20T02:30:39.593+0200][gc,heap       ] GC(4) Eden regions: 35->0(44)
[2025-06-20T02:30:39.593+0200][gc,heap       ] GC(4) Survivor regions: 4->7(7)
[2025-06-20T02:30:39.593+0200][gc,heap       ] GC(4) Old regions: 10->10
[2025-06-20T02:30:39.593+0200][gc,heap       ] GC(4) Humongous regions: 129->129
[2025-06-20T02:30:39.593+0200][gc,metaspace  ] GC(4) Metaspace: 34578K(35840K)->34578K(35840K) NonClass: 30647K(31360K)->30647K(31360K) Class: 3931K(4480K)->3931K(4480K)
[2025-06-20T02:30:39.593+0200][gc            ] GC(4) Pause Young (Concurrent Start) (Metadata GC Threshold) 174M->144M(1024M) 11.089ms
[2025-06-20T02:30:39.593+0200][gc,cpu        ] GC(4) User=0.08s Sys=0.00s Real=0.01s
[2025-06-20T02:30:39.593+0200][gc            ] GC(5) Concurrent Cycle
[2025-06-20T02:30:39.593+0200][gc,marking    ] GC(5) Concurrent Clear Claimed Marks
[2025-06-20T02:30:39.594+0200][gc,marking    ] GC(5) Concurrent Clear Claimed Marks 0.191ms
[2025-06-20T02:30:39.594+0200][gc,marking    ] GC(5) Concurrent Scan Root Regions
[2025-06-20T02:30:39.597+0200][gc,marking    ] GC(5) Concurrent Scan Root Regions 2.923ms
[2025-06-20T02:30:39.597+0200][gc,marking    ] GC(5) Concurrent Mark (4.377s)
[2025-06-20T02:30:39.597+0200][gc,marking    ] GC(5) Concurrent Mark From Roots
[2025-06-20T02:30:39.597+0200][gc,task       ] GC(5) Using 3 workers of 3 for marking
[2025-06-20T02:30:39.602+0200][gc,marking    ] GC(5) Concurrent Mark From Roots 5.219ms
[2025-06-20T02:30:39.602+0200][gc,marking    ] GC(5) Concurrent Preclean
[2025-06-20T02:30:39.602+0200][gc,marking    ] GC(5) Concurrent Preclean 0.246ms
[2025-06-20T02:30:39.602+0200][gc,marking    ] GC(5) Concurrent Mark (4.377s, 4.383s) 5.631ms
[2025-06-20T02:30:39.603+0200][gc,start      ] GC(5) Pause Remark
[2025-06-20T02:30:39.611+0200][gc,stringtable] GC(5) Cleaned string and symbol table, strings: 11770 processed, 11 removed, symbols: 87102 processed, 14 removed
[2025-06-20T02:30:39.611+0200][gc            ] GC(5) Pause Remark 145M->145M(1024M) 8.714ms
[2025-06-20T02:30:39.611+0200][gc,cpu        ] GC(5) User=0.04s Sys=0.00s Real=0.01s
[2025-06-20T02:30:39.611+0200][gc,marking    ] GC(5) Concurrent Rebuild Remembered Sets
[2025-06-20T02:30:39.614+0200][gc,marking    ] GC(5) Concurrent Rebuild Remembered Sets 2.710ms
[2025-06-20T02:30:39.615+0200][gc,start      ] GC(5) Pause Cleanup
[2025-06-20T02:30:39.615+0200][gc            ] GC(5) Pause Cleanup 145M->145M(1024M) 0.591ms
[2025-06-20T02:30:39.616+0200][gc,cpu        ] GC(5) User=0.00s Sys=0.00s Real=0.00s
[2025-06-20T02:30:39.616+0200][gc,marking    ] GC(5) Concurrent Cleanup for Next Mark
[2025-06-20T02:30:39.627+0200][gc,marking    ] GC(5) Concurrent Cleanup for Next Mark 11.802ms
[2025-06-20T02:30:39.628+0200][gc            ] GC(5) Concurrent Cycle 34.283ms
[2025-06-20T02:31:27.595+0200][gc,start      ] GC(6) Pause Young (Normal) (G1 Evacuation Pause)
[2025-06-20T02:31:27.595+0200][gc,task       ] GC(6) Using 10 workers of 10 for evacuation
[2025-06-20T02:31:27.618+0200][gc,mmu        ] GC(6) MMU target violated: 21.0ms (20.0ms/21.0ms)
[2025-06-20T02:31:27.619+0200][gc,phases     ] GC(6)   Pre Evacuate Collection Set: 0.5ms
[2025-06-20T02:31:27.619+0200][gc,phases     ] GC(6)   Evacuate Collection Set: 20.6ms
[2025-06-20T02:31:27.619+0200][gc,phases     ] GC(6)   Post Evacuate Collection Set: 1.6ms
[2025-06-20T02:31:27.619+0200][gc,phases     ] GC(6)   Other: 0.7ms
[2025-06-20T02:31:27.619+0200][gc,heap       ] GC(6) Eden regions: 44->0(45)
[2025-06-20T02:31:27.619+0200][gc,heap       ] GC(6) Survivor regions: 7->6(7)
[2025-06-20T02:31:27.619+0200][gc,heap       ] GC(6) Old regions: 10->13
[2025-06-20T02:31:27.619+0200][gc,heap       ] GC(6) Humongous regions: 129->129
[2025-06-20T02:31:27.619+0200][gc,metaspace  ] GC(6) Metaspace: 42343K(44928K)->42343K(44928K) NonClass: 36944K(38400K)->36944K(38400K) Class: 5398K(6528K)->5398K(6528K)
[2025-06-20T02:31:27.619+0200][gc            ] GC(6) Pause Young (Normal) (G1 Evacuation Pause) 188M->146M(1024M) 23.455ms
[2025-06-20T02:31:27.619+0200][gc,cpu        ] GC(6) User=0.15s Sys=0.00s Real=0.02s
[2025-06-20T02:34:39.736+0200][gc,start      ] GC(7) Pause Young (Normal) (G1 Evacuation Pause)
[2025-06-20T02:34:39.737+0200][gc,task       ] GC(7) Using 10 workers of 10 for evacuation
[2025-06-20T02:34:39.749+0200][gc,phases     ] GC(7)   Pre Evacuate Collection Set: 0.3ms
[2025-06-20T02:34:39.749+0200][gc,phases     ] GC(7)   Evacuate Collection Set: 10.1ms
[2025-06-20T02:34:39.749+0200][gc,phases     ] GC(7)   Post Evacuate Collection Set: 1.4ms
[2025-06-20T02:34:39.749+0200][gc,phases     ] GC(7)   Other: 1.3ms
[2025-06-20T02:34:39.749+0200][gc,heap       ] GC(7) Eden regions: 45->0(47)
[2025-06-20T02:34:39.749+0200][gc,heap       ] GC(7) Survivor regions: 6->4(7)
[2025-06-20T02:34:39.749+0200][gc,heap       ] GC(7) Old regions: 13->17
[2025-06-20T02:34:39.749+0200][gc,heap       ] GC(7) Humongous regions: 129->129
[2025-06-20T02:34:39.749+0200][gc,metaspace  ] GC(7) Metaspace: 44072K(46720K)->44072K(46720K) NonClass: 38519K(39936K)->38519K(39936K) Class: 5553K(6784K)->5553K(6784K)
[2025-06-20T02:34:39.749+0200][gc            ] GC(7) Pause Young (Normal) (G1 Evacuation Pause) 191M->147M(1024M) 13.176ms
[2025-06-20T02:34:39.749+0200][gc,cpu        ] GC(7) User=0.09s Sys=0.02s Real=0.01s
[2025-06-20T02:35:16.053+0200][gc,start      ] GC(8) Pause Young (Normal) (G1 Evacuation Pause)
[2025-06-20T02:35:16.054+0200][gc,task       ] GC(8) Using 10 workers of 10 for evacuation
[2025-06-20T02:35:16.062+0200][gc,phases     ] GC(8)   Pre Evacuate Collection Set: 0.4ms
[2025-06-20T02:35:16.062+0200][gc,phases     ] GC(8)   Evacuate Collection Set: 5.7ms
[2025-06-20T02:35:16.062+0200][gc,phases     ] GC(8)   Post Evacuate Collection Set: 1.6ms
[2025-06-20T02:35:16.062+0200][gc,phases     ] GC(8)   Other: 0.6ms
[2025-06-20T02:35:16.062+0200][gc,heap       ] GC(8) Eden regions: 47->0(47)
[2025-06-20T02:35:16.062+0200][gc,heap       ] GC(8) Survivor regions: 4->4(7)
[2025-06-20T02:35:16.062+0200][gc,heap       ] GC(8) Old regions: 17->17
[2025-06-20T02:35:16.062+0200][gc,heap       ] GC(8) Humongous regions: 129->129
[2025-06-20T02:35:16.062+0200][gc,metaspace  ] GC(8) Metaspace: 44077K(46720K)->44077K(46720K) NonClass: 38524K(39936K)->38524K(39936K) Class: 5553K(6784K)->5553K(6784K)
[2025-06-20T02:35:16.062+0200][gc            ] GC(8) Pause Young (Normal) (G1 Evacuation Pause) 194M->147M(1024M) 8.357ms
[2025-06-20T02:35:16.062+0200][gc,cpu        ] GC(8) User=0.04s Sys=0.00s Real=0.01s
[2025-06-20T02:35:55.579+0200][gc,start      ] GC(9) Pause Young (Normal) (G1 Evacuation Pause)
[2025-06-20T02:35:55.579+0200][gc,task       ] GC(9) Using 10 workers of 10 for evacuation
[2025-06-20T02:35:55.589+0200][gc,phases     ] GC(9)   Pre Evacuate Collection Set: 0.2ms
[2025-06-20T02:35:55.589+0200][gc,phases     ] GC(9)   Evacuate Collection Set: 6.8ms
[2025-06-20T02:35:55.589+0200][gc,phases     ] GC(9)   Post Evacuate Collection Set: 2.0ms
[2025-06-20T02:35:55.589+0200][gc,phases     ] GC(9)   Other: 0.6ms
[2025-06-20T02:35:55.589+0200][gc,heap       ] GC(9) Eden regions: 47->0(48)
[2025-06-20T02:35:55.589+0200][gc,heap       ] GC(9) Survivor regions: 4->4(7)
[2025-06-20T02:35:55.589+0200][gc,heap       ] GC(9) Old regions: 17->17
[2025-06-20T02:35:55.589+0200][gc,heap       ] GC(9) Humongous regions: 129->129
[2025-06-20T02:35:55.589+0200][gc,metaspace  ] GC(9) Metaspace: 44094K(46720K)->44094K(46720K) NonClass: 38541K(39936K)->38541K(39936K) Class: 5553K(6784K)->5553K(6784K)
[2025-06-20T02:35:55.589+0200][gc            ] GC(9) Pause Young (Normal) (G1 Evacuation Pause) 194M->147M(1024M) 9.807ms
[2025-06-20T02:35:55.589+0200][gc,cpu        ] GC(9) User=0.04s Sys=0.01s Real=0.01s
[2025-06-20T02:36:38.161+0200][gc,start      ] GC(10) Pause Young (Normal) (G1 Evacuation Pause)
[2025-06-20T02:36:38.161+0200][gc,task       ] GC(10) Using 10 workers of 10 for evacuation
[2025-06-20T02:36:38.167+0200][gc,phases     ] GC(10)   Pre Evacuate Collection Set: 0.2ms
[2025-06-20T02:36:38.167+0200][gc,phases     ] GC(10)   Evacuate Collection Set: 3.7ms
[2025-06-20T02:36:38.167+0200][gc,phases     ] GC(10)   Post Evacuate Collection Set: 1.5ms
[2025-06-20T02:36:38.167+0200][gc,phases     ] GC(10)   Other: 0.4ms
[2025-06-20T02:36:38.167+0200][gc,heap       ] GC(10) Eden regions: 48->0(58)
[2025-06-20T02:36:38.167+0200][gc,heap       ] GC(10) Survivor regions: 4->4(7)
[2025-06-20T02:36:38.167+0200][gc,heap       ] GC(10) Old regions: 17->17
[2025-06-20T02:36:38.167+0200][gc,heap       ] GC(10) Humongous regions: 129->129
[2025-06-20T02:36:38.167+0200][gc,metaspace  ] GC(10) Metaspace: 44115K(46720K)->44115K(46720K) NonClass: 38562K(39936K)->38562K(39936K) Class: 5553K(6784K)->5553K(6784K)
[2025-06-20T02:36:38.167+0200][gc            ] GC(10) Pause Young (Normal) (G1 Evacuation Pause) 195M->147M(1024M) 6.022ms
[2025-06-20T02:36:38.167+0200][gc,cpu        ] GC(10) User=0.03s Sys=0.01s Real=0.00s
[2025-06-20T02:37:23.114+0200][gc,start      ] GC(11) Pause Young (Normal) (G1 Evacuation Pause)
[2025-06-20T02:37:23.114+0200][gc,task       ] GC(11) Using 10 workers of 10 for evacuation
[2025-06-20T02:37:23.126+0200][gc,phases     ] GC(11)   Pre Evacuate Collection Set: 0.1ms
[2025-06-20T02:37:23.126+0200][gc,phases     ] GC(11)   Evacuate Collection Set: 10.0ms
[2025-06-20T02:37:23.126+0200][gc,phases     ] GC(11)   Post Evacuate Collection Set: 1.3ms
[2025-06-20T02:37:23.126+0200][gc,phases     ] GC(11)   Other: 0.6ms
[2025-06-20T02:37:23.126+0200][gc,heap       ] GC(11) Eden regions: 58->0(79)
[2025-06-20T02:37:23.126+0200][gc,heap       ] GC(11) Survivor regions: 4->4(8)
[2025-06-20T02:37:23.126+0200][gc,heap       ] GC(11) Old regions: 17->17
[2025-06-20T02:37:23.126+0200][gc,heap       ] GC(11) Humongous regions: 129->129
[2025-06-20T02:37:23.126+0200][gc,metaspace  ] GC(11) Metaspace: 44131K(46720K)->44131K(46720K) NonClass: 38578K(39936K)->38578K(39936K) Class: 5553K(6784K)->5553K(6784K)
[2025-06-20T02:37:23.126+0200][gc            ] GC(11) Pause Young (Normal) (G1 Evacuation Pause) 205M->147M(1024M) 12.194ms
[2025-06-20T02:37:23.126+0200][gc,cpu        ] GC(11) User=0.10s Sys=0.00s Real=0.01s
[2025-06-20T02:38:26.046+0200][gc,start      ] GC(12) Pause Young (Normal) (G1 Evacuation Pause)
[2025-06-20T02:38:26.046+0200][gc,task       ] GC(12) Using 10 workers of 10 for evacuation
[2025-06-20T02:38:26.058+0200][gc,phases     ] GC(12)   Pre Evacuate Collection Set: 0.1ms
[2025-06-20T02:38:26.058+0200][gc,phases     ] GC(12)   Evacuate Collection Set: 9.9ms
[2025-06-20T02:38:26.058+0200][gc,phases     ] GC(12)   Post Evacuate Collection Set: 1.5ms
[2025-06-20T02:38:26.058+0200][gc,phases     ] GC(12)   Other: 0.4ms
[2025-06-20T02:38:26.058+0200][gc,heap       ] GC(12) Eden regions: 79->0(100)
[2025-06-20T02:38:26.058+0200][gc,heap       ] GC(12) Survivor regions: 4->4(11)
[2025-06-20T02:38:26.058+0200][gc,heap       ] GC(12) Old regions: 17->17
[2025-06-20T02:38:26.058+0200][gc,heap       ] GC(12) Humongous regions: 129->129
[2025-06-20T02:38:26.058+0200][gc,metaspace  ] GC(12) Metaspace: 44152K(46720K)->44152K(46720K) NonClass: 38598K(39936K)->38598K(39936K) Class: 5553K(6784K)->5553K(6784K)
[2025-06-20T02:38:26.058+0200][gc            ] GC(12) Pause Young (Normal) (G1 Evacuation Pause) 226M->147M(1024M) 12.016ms
[2025-06-20T02:38:26.058+0200][gc,cpu        ] GC(12) User=0.02s Sys=0.07s Real=0.01s
[2025-06-20T02:39:46.119+0200][gc,start      ] GC(13) Pause Young (Normal) (G1 Evacuation Pause)
[2025-06-20T02:39:46.119+0200][gc,task       ] GC(13) Using 10 workers of 10 for evacuation
[2025-06-20T02:39:46.127+0200][gc,phases     ] GC(13)   Pre Evacuate Collection Set: 0.1ms
[2025-06-20T02:39:46.127+0200][gc,phases     ] GC(13)   Evacuate Collection Set: 6.3ms
[2025-06-20T02:39:46.127+0200][gc,phases     ] GC(13)   Post Evacuate Collection Set: 0.9ms
[2025-06-20T02:39:46.127+0200][gc,phases     ] GC(13)   Other: 0.5ms
[2025-06-20T02:39:46.127+0200][gc,heap       ] GC(13) Eden regions: 100->0(150)
[2025-06-20T02:39:46.127+0200][gc,heap       ] GC(13) Survivor regions: 4->4(13)
[2025-06-20T02:39:46.127+0200][gc,heap       ] GC(13) Old regions: 17->17
[2025-06-20T02:39:46.127+0200][gc,heap       ] GC(13) Humongous regions: 129->129
[2025-06-20T02:39:46.127+0200][gc,metaspace  ] GC(13) Metaspace: 44202K(46720K)->44202K(46720K) NonClass: 38649K(39936K)->38649K(39936K) Class: 5553K(6784K)->5553K(6784K)
[2025-06-20T02:39:46.127+0200][gc            ] GC(13) Pause Young (Normal) (G1 Evacuation Pause) 247M->147M(1024M) 7.827ms
[2025-06-20T02:39:46.127+0200][gc,cpu        ] GC(13) User=0.01s Sys=0.05s Real=0.01s
[2025-06-20T02:41:46.734+0200][gc,start      ] GC(14) Pause Young (Normal) (G1 Evacuation Pause)
[2025-06-20T02:41:46.734+0200][gc,task       ] GC(14) Using 10 workers of 10 for evacuation
[2025-06-20T02:41:46.803+0200][gc,mmu        ] GC(14) MMU target violated: 21.0ms (20.0ms/21.0ms)
[2025-06-20T02:41:46.803+0200][gc,phases     ] GC(14)   Pre Evacuate Collection Set: 0.7ms
[2025-06-20T02:41:46.803+0200][gc,phases     ] GC(14)   Evacuate Collection Set: 44.2ms
[2025-06-20T02:41:46.803+0200][gc,phases     ] GC(14)   Post Evacuate Collection Set: 13.8ms
[2025-06-20T02:41:46.803+0200][gc,phases     ] GC(14)   Other: 10.6ms
[2025-06-20T02:41:46.804+0200][gc,heap       ] GC(14) Eden regions: 150->0(47)
[2025-06-20T02:41:46.804+0200][gc,heap       ] GC(14) Survivor regions: 4->4(20)
[2025-06-20T02:41:46.804+0200][gc,heap       ] GC(14) Old regions: 17->17
[2025-06-20T02:41:46.804+0200][gc,heap       ] GC(14) Humongous regions: 129->129
[2025-06-20T02:41:46.804+0200][gc,metaspace  ] GC(14) Metaspace: 44265K(46976K)->44265K(46976K) NonClass: 38709K(40192K)->38709K(40192K) Class: 5555K(6784K)->5555K(6784K)
[2025-06-20T02:41:46.804+0200][gc            ] GC(14) Pause Young (Normal) (G1 Evacuation Pause) 297M->147M(1024M) 69.496ms
[2025-06-20T02:41:46.804+0200][gc,cpu        ] GC(14) User=0.25s Sys=0.06s Real=0.06s
[2025-06-20T02:42:23.467+0200][gc,start      ] GC(15) Pause Young (Normal) (G1 Evacuation Pause)
[2025-06-20T02:42:23.467+0200][gc,task       ] GC(15) Using 10 workers of 10 for evacuation
[2025-06-20T02:42:23.473+0200][gc,phases     ] GC(15)   Pre Evacuate Collection Set: 0.1ms
[2025-06-20T02:42:23.473+0200][gc,phases     ] GC(15)   Evacuate Collection Set: 4.6ms
[2025-06-20T02:42:23.473+0200][gc,phases     ] GC(15)   Post Evacuate Collection Set: 1.3ms
[2025-06-20T02:42:23.473+0200][gc,phases     ] GC(15)   Other: 0.4ms
[2025-06-20T02:42:23.473+0200][gc,heap       ] GC(15) Eden regions: 47->0(68)
[2025-06-20T02:42:23.473+0200][gc,heap       ] GC(15) Survivor regions: 4->4(7)
[2025-06-20T02:42:23.473+0200][gc,heap       ] GC(15) Old regions: 17->17
[2025-06-20T02:42:23.473+0200][gc,heap       ] GC(15) Humongous regions: 129->129
[2025-06-20T02:42:23.473+0200][gc,metaspace  ] GC(15) Metaspace: 44271K(46976K)->44271K(46976K) NonClass: 38715K(40192K)->38715K(40192K) Class: 5555K(6784K)->5555K(6784K)
[2025-06-20T02:42:23.474+0200][gc            ] GC(15) Pause Young (Normal) (G1 Evacuation Pause) 194M->147M(1024M) 6.520ms
[2025-06-20T02:42:23.474+0200][gc,cpu        ] GC(15) User=0.02s Sys=0.01s Real=0.00s
