[2025-06-19T23:27:40.535+0200][gc,heap] Heap region size: 1M
[2025-06-19T23:27:40.544+0200][gc     ] Using G1
[2025-06-19T23:27:40.544+0200][gc,heap,coops] Heap address: 0x00000000e0000000, size: 512 MB, Compressed Oops mode: 32-bit
[2025-06-19T23:27:40.544+0200][gc,cds       ] Mark closed archive regions in map: [0x00000000fff00000, 0x00000000fff6bff8]
[2025-06-19T23:27:40.544+0200][gc,cds       ] Mark open archive regions in map: [0x00000000ffe00000, 0x00000000ffe47ff8]
[2025-06-19T23:27:42.072+0200][gc,start     ] GC(0) Pause Young (Normal) (G1 Evacuation Pause)
[2025-06-19T23:27:42.075+0200][gc,task      ] GC(0) Using 10 workers of 10 for evacuation
[2025-06-19T23:27:42.105+0200][gc,mmu       ] GC(0) MMU target violated: 21.0ms (20.0ms/21.0ms)
[2025-06-19T23:27:42.106+0200][gc,phases    ] GC(0)   Pre Evacuate Collection Set: 0.0ms
[2025-06-19T23:27:42.106+0200][gc,phases    ] GC(0)   Evacuate Collection Set: 29.0ms
[2025-06-19T23:27:42.106+0200][gc,phases    ] GC(0)   Post Evacuate Collection Set: 1.4ms
[2025-06-19T23:27:42.106+0200][gc,phases    ] GC(0)   Other: 3.3ms
[2025-06-19T23:27:42.106+0200][gc,heap      ] GC(0) Eden regions: 25->0(21)
[2025-06-19T23:27:42.106+0200][gc,heap      ] GC(0) Survivor regions: 0->4(4)
[2025-06-19T23:27:42.106+0200][gc,heap      ] GC(0) Old regions: 2->6
[2025-06-19T23:27:42.106+0200][gc,heap      ] GC(0) Humongous regions: 0->0
[2025-06-19T23:27:42.106+0200][gc,metaspace ] GC(0) Metaspace: 6968K(7680K)->6968K(7680K) NonClass: 6186K(6656K)->6186K(6656K) Class: 781K(1024K)->781K(1024K)
[2025-06-19T23:27:42.106+0200][gc           ] GC(0) Pause Young (Normal) (G1 Evacuation Pause) 25M->8M(512M) 33.986ms
[2025-06-19T23:27:42.106+0200][gc,cpu       ] GC(0) User=0.11s Sys=0.11s Real=0.03s
